// Jest Snapshot v1, https://goo.gl/fbAQLP

exports[`printers should decode a vaccine certificate 1`] = `
Right {
  "_tag": "Right",
  "value": Object {
    "dob": 1977-06-16T00:00:00.000Z,
    "nam": Object {
      "fn": "Di Caprio",
      "fnt": "DI<CAPRIO",
      "gn": "MarilÃ¹ Teresa",
      "gnt": "MARILU<TERESA",
    },
    "v": Array [
      Object {
        "ci": "01ITE7300E1AB2A84C719004F103DCB1F70A#6",
        "co": "IT",
        "dn": 2,
        "dt": 2021-04-10T00:00:00.000Z,
        "is": "IT",
        "ma": Object {
          "displays": Map {
            "it_IT" => "Biontech Manufacturing GmbH",
            "en_GB" => "Biontech Manufacturing GmbH",
          },
          "id": "ORG-100030215",
        },
        "mp": Object {
          "displays": Map {
            "it_IT" => "Comirnaty",
            "en_GB" => "Comirnaty",
          },
          "id": "EU/1/20/1528",
        },
        "sd": 2,
        "tg": Object {
          "displays": Map {
            "it_IT" => "COVID-19",
            "en_GB" => "COVID-19",
          },
          "id": "840539006",
        },
        "vp": Object {
          "displays": Map {
            "it_IT" => "SARS-CoV-2 mRNA vaccine",
            "en_GB" => "SARS-CoV-2 mRNA vaccine",
          },
          "id": "1119349007",
        },
      },
    ],
    "ver": "1.0.0",
  },
}
`;
