// Jest Snapshot v1, https://goo.gl/fbAQLP

exports[`Printer - Recovery - Info - de_DE should print its markdown 1`] = `
"
Surname(s) and forename(s)  
*Nachname und Vorname*  
**Di Caprio Maril√π Teresa**  

Date of birth  
*Geburtsdatum (JJJJ-MM-TT)*  
**1977-06-16**  

Unique Certificate Identifier  
*Eindeutige Kennung des Zertifikats*  
**01ITE7300E1AB2A84C719004F103DCB1F70A#6**  

[Kopiere die Kennung](iohandledlink://copy:01ITE7300E1AB2A84C719004F103DCB1F70A#6)
<br/><br/><br/><br/><br/>
"
`;
